// Jest Snapshot v1, https://goo.gl/fbAQLP

exports[`Tests for the Button component The button matches the snapshot 1`] = `
<button
  class="operator-keys"
  type="button"
>
  +
</button>
`;
