// Jest Snapshot v1, https://goo.gl/fbAQLP

exports[`Calculator component tests Matches the snapshot 1`] = `
<div
  class="container"
>
  <div
    class="outputresult"
  >
    0
  </div>
  <div
    class="keyscontainer"
  >
    <div
      class="calckey"
    >
      <button
        class="keys"
        type="button"
      >
        AC
      </button>
      <button
        class="keys"
        type="button"
      >
        +/-
      </button>
      <button
        class="keys"
        type="button"
      >
        %
      </button>
      <button
        class="operator-keys"
        type="button"
      >
        รท
      </button>
      <button
        class="keys"
        type="button"
      >
        7
      </button>
      <button
        class="keys"
        type="button"
      >
        8
      </button>
      <button
        class="keys"
        type="button"
      >
        9
      </button>
      <button
        class="operator-keys"
        type="button"
      >
        x
      </button>
      <button
        class="keys"
        type="button"
      >
        4
      </button>
      <button
        class="keys"
        type="button"
      >
        5
      </button>
      <button
        class="keys"
        type="button"
      >
        6
      </button>
      <button
        class="operator-keys"
        type="button"
      >
        -
      </button>
      <button
        class="keys"
        type="button"
      >
        1
      </button>
      <button
        class="keys"
        type="button"
      >
        2
      </button>
      <button
        class="keys"
        type="button"
      >
        3
      </button>
      <button
        class="operator-keys"
        type="button"
      >
        +
      </button>
      <button
        class="zero-key"
        type="button"
      >
        0
      </button>
      <button
        class="keys"
        type="button"
      >
        .
      </button>
      <button
        class="operator-keys"
        type="button"
      >
        =
      </button>
    </div>
  </div>
</div>
`;
